// Jest Snapshot v1, https://goo.gl/fbAQLP

exports[`Pruebas en GifItem Evaluar el snapshot de GifItem 1`] = `
<div>
  <div
    class="card"
  >
    <img
      alt="Saitam"
      src="https://facebook.com/"
    />
    <p>
      Saitam
    </p>
  </div>
</div>
`;
